# Time: 2024-01-15T10:00:01.000000Z
# User@Host: app_user[app_user] @  [192.168.1.100]
# Query_time: 2.543210  Lock_time: 0.000100 Rows_sent: 50  Rows_examined: 10000
SET timestamp=1705284001;
SELECT * FROM users WHERE status = 1 AND country = 'USA' ORDER BY created_at DESC LIMIT 50;

# Time: 2024-01-15T10:00:05.000000Z
# User@Host: app_user[app_user] @  [192.168.1.100]
# Query_time: 1.876543  Lock_time: 0.000080 Rows_sent: 10  Rows_examined: 5000
SET timestamp=1705284005;
SELECT * FROM orders WHERE user_id = 123 AND status = 'completed' ORDER BY created_at DESC LIMIT 10;

# Time: 2024-01-15T10:00:10.000000Z
# User@Host: app_user[app_user] @  [192.168.1.100]
# Query_time: 5.234567  Lock_time: 0.000200 Rows_sent: 100  Rows_examined: 25000
SET timestamp=1705284010;
SELECT u.username, o.total_amount, o.created_at 
FROM users u 
JOIN orders o ON u.id = o.user_id 
WHERE u.status = 1 AND o.created_at >= '2024-01-01' 
ORDER BY o.created_at DESC;

# Time: 2024-01-15T10:00:15.000000Z
# User@Host: app_user[app_user] @  [192.168.1.100]
# Query_time: 0.987654  Lock_time: 0.000050 Rows_sent: 1  Rows_examined: 3000
SET timestamp=1705284015;
SELECT COUNT(*) FROM orders WHERE product_id = 456 AND created_at BETWEEN '2024-01-01' AND '2024-01-15';

# Time: 2024-01-15T10:00:20.000000Z
# User@Host: app_user[app_user] @  [192.168.1.100]
# Query_time: 1.456789  Lock_time: 0.000120 Rows_sent: 20  Rows_examined: 8000
SET timestamp=1705284020;
SELECT country, COUNT(*) as user_count 
FROM users 
WHERE status = 1 
GROUP BY country 
ORDER BY user_count DESC;
