=====================================
2024-01-15 10:23:45 0x7f9a1c007700
*** (1) TRANSACTION:
TRANSACTION 12345, ACTIVE 8 sec starting index read
mysql tables in use 1, locked 1
LOCK WAIT 3 lock struct(s), heap size 1136, 2 row lock(s), undo log entries 1
MySQL thread id 1, OS thread handle 14029, query id 100 localhost root updating
UPDATE orders SET status = 'PROCESSING' WHERE id = 123
*** (1) WAITING FOR THIS LOCK TO BE GRANTED:
RECORD LOCKS space id 100 page no 50 n bits 72 index `PRIMARY` of table `test`.`orders` trx id 12345 lock_mode X locks rec but not gap waiting
Record lock, heap no 10 PHYSICAL RECORD: n_fields 10; compact format; info bits 0

*** (2) TRANSACTION:
TRANSACTION 12346, ACTIVE 10 sec starting index read
mysql tables in use 1, locked 1
3 lock struct(s), heap size 1136, 2 row lock(s), undo log entries 1
MySQL thread id 2, OS thread handle 14030, query id 101 localhost root updating
UPDATE order_items SET quantity = 5 WHERE order_id = 123 AND product_id = 456
*** (2) HOLDS THE LOCK(S):
RECORD LOCKS space id 100 page no 50 n bits 72 index `PRIMARY` of table `test`.`orders` trx id 12346 lock_mode X locks rec but not gap
Record lock, heap no 10 PHYSICAL RECORD: n_fields 10; compact format; info bits 0

*** (2) WAITING FOR THIS LOCK TO BE GRANTED:
RECORD LOCKS space id 101 page no 30 n bits 120 index `idx_order_product` of table `test`.`order_items` trx id 12346 lock_mode X locks gap before rec insert intention waiting
Record lock, heap no 5 PHYSICAL RECORD: n_fields 5; compact format; info bits 0

*** (1) HOLDS THE LOCK(S):
RECORD LOCKS space id 101 page no 30 n bits 120 index `idx_order_product` of table `test`.`order_items` trx id 12345 lock_mode X locks gap before rec
Record lock, heap no 5 PHYSICAL RECORD: n_fields 5; compact format; info bits 0

*** WE ROLL BACK TRANSACTION (1)

=====================================
2024-01-15 10:45:12 0x7f9a1c008900
*** (1) TRANSACTION:
TRANSACTION 12350, ACTIVE 12 sec fetching rows
mysql tables in use 2, locked 2
LOCK WAIT 7 lock struct(s), heap size 1136, 6 row lock(s), undo log entries 2
MySQL thread id 5, OS thread handle 14050, query id 150 localhost root updating
UPDATE inventory SET stock = stock - 1 WHERE product_id = 789 AND warehouse_id = 1
*** (1) WAITING FOR THIS LOCK TO BE GRANTED:
RECORD LOCKS space id 200 page no 15 n bits 168 index `idx_product_warehouse` of table `test`.`inventory` trx id 12350 lock_mode X waiting
Record lock, heap no 25 PHYSICAL RECORD: n_fields 6; compact format; info bits 0

*** (2) TRANSACTION:
TRANSACTION 12351, ACTIVE 15 sec starting index read
mysql tables in use 2, locked 2
7 lock struct(s), heap size 1136, 6 row lock(s), undo log entries 2
MySQL thread id 6, OS thread handle 14051, query id 151 localhost root updating
UPDATE inventory SET stock = stock + 10 WHERE product_id = 789 AND warehouse_id = 2
*** (2) HOLDS THE LOCK(S):
RECORD LOCKS space id 200 page no 15 n bits 168 index `idx_product_warehouse` of table `test`.`inventory` trx id 12351 lock_mode X
Record lock, heap no 25 PHYSICAL RECORD: n_fields 6; compact format; info bits 0

*** (2) WAITING FOR THIS LOCK TO BE GRANTED:
RECORD LOCKS space id 200 page no 16 n bits 168 index `idx_product_warehouse` of table `test`.`inventory` trx id 12351 lock_mode X waiting
Record lock, heap no 30 PHYSICAL RECORD: n_fields 6; compact format; info bits 0

*** (1) HOLDS THE LOCK(S):
RECORD LOCKS space id 200 page no 16 n bits 168 index `idx_product_warehouse` of table `test`.`inventory` trx id 12350 lock_mode X
Record lock, heap no 30 PHYSICAL RECORD: n_fields 6; compact format; info bits 0

*** WE ROLL BACK TRANSACTION (2)

=====================================
2024-01-15 14:30:00 0x7f9a1c009a00
*** (1) TRANSACTION:
TRANSACTION 12400, ACTIVE 5 sec updating or deleting
mysql tables in use 1, locked 1
LOCK WAIT 2 lock struct(s), heap size 1136, 1 row lock(s), undo log entries 1
MySQL thread id 10, OS thread handle 14100, query id 200 localhost root updating
UPDATE users SET login_count = login_count + 1 WHERE id = 1001
*** (1) WAITING FOR THIS LOCK TO BE GRANTED:
RECORD LOCKS space id 300 page no 8 n bits 200 index `PRIMARY` of table `test`.`users` trx id 12400 lock_mode X locks rec but not gap waiting
Record lock, heap no 100 PHYSICAL RECORD: n_fields 15; compact format; info bits 0

*** (2) TRANSACTION:
TRANSACTION 12401, ACTIVE 7 sec starting index read
mysql tables in use 1, locked 1
2 lock struct(s), heap size 1136, 1 row lock(s), undo log entries 1
MySQL thread id 11, OS thread handle 14101, query id 201 localhost root updating
UPDATE users SET last_login = NOW() WHERE id = 1002
*** (2) HOLDS THE LOCK(S):
RECORD LOCKS space id 300 page no 8 n bits 200 index `PRIMARY` of table `test`.`users` trx id 12401 lock_mode X locks rec but not gap
Record lock, heap no 101 PHYSICAL RECORD: n_fields 15; compact format; info bits 0

*** (2) WAITING FOR THIS LOCK TO BE GRANTED:
RECORD LOCKS space id 300 page no 8 n bits 200 index `PRIMARY` of table `test`.`users` trx id 12401 lock_mode X locks rec but not gap waiting
Record lock, heap no 100 PHYSICAL RECORD: n_fields 15; compact format; info bits 0

*** (1) HOLDS THE LOCK(S):
RECORD LOCKS space id 300 page no 8 n bits 200 index `PRIMARY` of table `test`.`users` trx id 12400 lock_mode X locks rec but not gap
Record lock, heap no 101 PHYSICAL RECORD: n_fields 15; compact format; info bits 0

*** WE ROLL BACK TRANSACTION (1)
